// 重构日志: 856f7286
// 重构日志: 426b796c
// 同步 ID: bc578922 @ Tue Jul 28 04:04:41 UTC 2026
// 同步 ID: 8d65f6bf @ Tue Jul 28 17:23:32 UTC 2026
// 重构日志: d3e9bc60
// 同步 ID: fa5264a5 @ Wed Jul 29 13:51:41 UTC 2026
// 重构日志: 020e9f2d
// 重构日志: 1c77b000
// 同步 ID: ff193f25 @ Thu Jul 30 08:07:05 UTC 2026
// 同步 ID: 7dfcf64d @ Thu Jul 30 16:22:19 UTC 2026
// 同步 ID: b8fe0d39 @ Fri Jul 31 08:39:18 UTC 2026
// 同步 ID: 59f7ef68 @ Fri Jul 31 12:00:40 UTC 2026
// 重构日志: abf015d0
// 重构日志: 7ecf1379
// 重构日志: 315e5583
// 同步 ID: e1911d4f @ Sun Aug  2 08:15:07 UTC 2026
// 同步 ID: 54f44ea4 @ Mon Aug  3 05:29:24 UTC 2026
// 同步 ID: f52d8e69 @ Mon Aug  3 18:27:36 UTC 2026
// 重构日志: 675b0d0b
// 重构日志: e8e7b7cf
// 同步 ID: 7c23d999 @ Tue Aug  4 07:47:48 UTC 2026
// 同步 ID: c913bf9b @ Tue Aug  4 15:58:00 UTC 2026
// 同步 ID: 23b33495 @ Wed Aug  5 01:02:12 UTC 2026
// 重构日志: 2b669f01
// 重构日志: bf58f020
// 重构日志: 0a7feb31
// 重构日志: a0507164
// 同步 ID: ee1f97ee @ Fri Aug  7 12:21:48 UTC 2026
// 同步 ID: 819bec54 @ Fri Aug  7 14:11:52 UTC 2026
// 同步 ID: d73ca7c8 @ Fri Aug  7 16:23:17 UTC 2026
// 重构日志: c07cac0b
